==================================================
HR Bot Component Test
==================================================

[1/7] Testing config...
  API Key: AIzaSyDO54...
  FAISS path: embeddings/faiss_index.bin
  OK

[2/7] Loading embedding model...
python : 
At line:1 char:1
+ python test_components.py 2>&1 | Out-File -Encoding UTF8 test_output. ...
+ ~~~~~~~~~~~~~~~~~~~~~~~~~~~~~~
    + CategoryInfo          : NotSpecified: (:String) [], RemoteException
    + FullyQualifiedErrorId : NativeCommandError
 
Loading weights:   0%|          | 0/103 [00:00<?, ?it/s]
Loading weights:   1%|          | 1/103 [00:00<?, ?it/s, Materializing 
param=embeddings.LayerNorm.bias]
Loading weights:   1%|          | 1/103 [00:00<?, ?it/s, Materializing 
param=embeddings.LayerNorm.bias]
Loading weights:   2%|1         | 2/103 [00:00<?, ?it/s, Materializing 
param=embeddings.LayerNorm.weight]
Loading weights:   2%|1         | 2/103 [00:00<?, ?it/s, Materializing 
param=embeddings.LayerNorm.weight]
Loading weights:   3%|2         | 3/103 [00:00<00:00, 1222.12it/s, 
Materializing param=embeddings.position_embeddings.weight]
Loading weights:   3%|2         | 3/103 [00:00<00:00, 1222.12it/s, 
Materializing param=embeddings.position_embeddings.weight]
Loading weights:   4%|3         | 4/103 [00:00<00:00, 1353.33it/s, 
Materializing param=embeddings.token_type_embeddings.weight]
Loading weights:   4%|3         | 4/103 [00:00<00:00, 1353.33it/s, 
Materializing param=embeddings.token_type_embeddings.weight]
Loading weights:   5%|4         | 5/103 [00:00<00:00, 1691.66it/s, 
Materializing param=embeddings.word_embeddings.weight]      
Loading weights:   5%|4         | 5/103 [00:00<00:00, 1691.66it/s, 
Materializing param=embeddings.word_embeddings.weight]
Loading weights:   6%|5         | 6/103 [00:00<00:00, 2029.99it/s, 
Materializing param=encoder.layer.0.attention.output.LayerNorm.bias]
Loading weights:   6%|5         | 6/103 [00:00<00:00, 2029.99it/s, 
Materializing param=encoder.layer.0.attention.output.LayerNorm.bias]
Loading weights:   7%|6         | 7/103 [00:00<00:00, 1083.96it/s, 
Materializing param=encoder.layer.0.attention.output.LayerNorm.weight]
Loading weights:   7%|6         | 7/103 [00:00<00:00, 1083.96it/s, 
Materializing param=encoder.layer.0.attention.output.LayerNorm.weight]
Loading weights:   8%|7         | 8/103 [00:00<00:00, 1238.81it/s, 
Materializing param=encoder.layer.0.attention.output.dense.bias]      
Loading weights:   8%|7         | 8/103 [00:00<00:00, 1238.81it/s, 
Materializing param=encoder.layer.0.attention.output.dense.bias]
Loading weights:   9%|8         | 9/103 [00:00<00:00, 1393.66it/s, 
Materializing param=encoder.layer.0.attention.output.dense.weight]
Loading weights:   9%|8         | 9/103 [00:00<00:00, 1393.66it/s, 
Materializing param=encoder.layer.0.attention.output.dense.weight]
Loading weights:  10%|9         | 10/103 [00:00<00:00, 1548.51it/s, 
Materializing param=encoder.layer.0.attention.self.key.bias]     
Loading weights:  10%|9         | 10/103 [00:00<00:00, 1039.12it/s, 
Materializing param=encoder.layer.0.attention.self.key.bias]
Loading weights:  11%|#         | 11/103 [00:00<00:00, 1104.69it/s, 
Materializing param=encoder.layer.0.attention.self.key.weight]
Loading weights:  11%|#         | 11/103 [00:00<00:00, 1104.69it/s, 
Materializing param=encoder.layer.0.attention.self.key.weight]
Loading weights:  12%|#1        | 12/103 [00:00<00:00, 1205.12it/s, 
Materializing param=encoder.layer.0.attention.self.query.bias]
Loading weights:  12%|#1        | 12/103 [00:00<00:00, 1205.12it/s, 
Materializing param=encoder.layer.0.attention.self.query.bias]
Loading weights:  13%|#2        | 13/103 [00:00<00:00, 1136.76it/s, 
Materializing param=encoder.layer.0.attention.self.query.weight]
Loading weights:  13%|#2        | 13/103 [00:00<00:00, 1136.76it/s, 
Materializing param=encoder.layer.0.attention.self.query.weight]
Loading weights:  14%|#3        | 14/103 [00:00<00:00, 1224.21it/s, 
Materializing param=encoder.layer.0.attention.self.value.bias]  
Loading weights:  14%|#3        | 14/103 [00:00<00:00, 1224.21it/s, 
Materializing param=encoder.layer.0.attention.self.value.bias]
Loading weights:  15%|#4        | 15/103 [00:00<00:00, 1311.65it/s, 
Materializing param=encoder.layer.0.attention.self.value.weight]
Loading weights:  15%|#4        | 15/103 [00:00<00:00, 1311.65it/s, 
Materializing param=encoder.layer.0.attention.self.value.weight]
Loading weights:  16%|#5        | 16/103 [00:00<00:00, 1399.09it/s, 
Materializing param=encoder.layer.0.intermediate.dense.bias]    
Loading weights:  16%|#5        | 16/103 [00:00<00:00, 1399.09it/s, 
Materializing param=encoder.layer.0.intermediate.dense.bias]
Loading weights:  17%|#6        | 17/103 [00:00<00:00, 1486.54it/s, 
Materializing param=encoder.layer.0.intermediate.dense.weight]
Loading weights:  17%|#6        | 17/103 [00:00<00:00, 1486.54it/s, 
Materializing param=encoder.layer.0.intermediate.dense.weight]
Loading weights:  17%|#7        | 18/103 [00:00<00:00, 1573.98it/s, 
Materializing param=encoder.layer.0.output.LayerNorm.bias]    
Loading weights:  17%|#7        | 18/103 [00:00<00:00, 1573.98it/s, 
Materializing param=encoder.layer.0.output.LayerNorm.bias]
Loading weights:  18%|#8        | 19/103 [00:00<00:00, 1661.42it/s, 
Materializing param=encoder.layer.0.output.LayerNorm.weight]
Loading weights:  18%|#8        | 19/103 [00:00<00:00, 1661.42it/s, 
Materializing param=encoder.layer.0.output.LayerNorm.weight]
Loading weights:  19%|#9        | 20/103 [00:00<00:00, 1748.87it/s, 
Materializing param=encoder.layer.0.output.dense.bias]      
Loading weights:  19%|#9        | 20/103 [00:00<00:00, 1748.87it/s, 
Materializing param=encoder.layer.0.output.dense.bias]
Loading weights:  20%|##        | 21/103 [00:00<00:00, 1836.31it/s, 
Materializing param=encoder.layer.0.output.dense.weight]
Loading weights:  20%|##        | 21/103 [00:00<00:00, 1836.31it/s, 
Materializing param=encoder.layer.0.output.dense.weight]
Loading weights:  21%|##1       | 22/103 [00:00<00:00, 1923.75it/s, 
Materializing param=encoder.layer.1.attention.output.LayerNorm.bias]
Loading weights:  21%|##1       | 22/103 [00:00<00:00, 1923.75it/s, 
Materializing param=encoder.layer.1.attention.output.LayerNorm.bias]
Loading weights:  22%|##2       | 23/103 [00:00<00:00, 2011.20it/s, 
Materializing param=encoder.layer.1.attention.output.LayerNorm.weight]
Loading weights:  22%|##2       | 23/103 [00:00<00:00, 2011.20it/s, 
Materializing param=encoder.layer.1.attention.output.LayerNorm.weight]
Loading weights:  23%|##3       | 24/103 [00:00<00:00, 2098.64it/s, 
Materializing param=encoder.layer.1.attention.output.dense.bias]      
Loading weights:  23%|##3       | 24/103 [00:00<00:00, 2098.64it/s, 
Materializing param=encoder.layer.1.attention.output.dense.bias]
Loading weights:  24%|##4       | 25/103 [00:00<00:00, 1262.81it/s, 
Materializing param=encoder.layer.1.attention.output.dense.weight]
Loading weights:  24%|##4       | 25/103 [00:00<00:00, 1262.81it/s, 
Materializing param=encoder.layer.1.attention.output.dense.weight]
Loading weights:  25%|##5       | 26/103 [00:00<00:00, 1313.32it/s, 
Materializing param=encoder.layer.1.attention.self.key.bias]      
Loading weights:  25%|##5       | 26/103 [00:00<00:00, 1313.32it/s, 
Materializing param=encoder.layer.1.attention.self.key.bias]
Loading weights:  26%|##6       | 27/103 [00:00<00:00, 1363.84it/s, 
Materializing param=encoder.layer.1.attention.self.key.weight]
Loading weights:  26%|##6       | 27/103 [00:00<00:00, 1363.84it/s, 
Materializing param=encoder.layer.1.attention.self.key.weight]
Loading weights:  27%|##7       | 28/103 [00:00<00:00, 1414.35it/s, 
Materializing param=encoder.layer.1.attention.self.query.bias]
Loading weights:  27%|##7       | 28/103 [00:00<00:00, 1414.35it/s, 
Materializing param=encoder.layer.1.attention.self.query.bias]
Loading weights:  28%|##8       | 29/103 [00:00<00:00, 1464.86it/s, 
Materializing param=encoder.layer.1.attention.self.query.weight]
Loading weights:  28%|##8       | 29/103 [00:00<00:00, 1464.86it/s, 
Materializing param=encoder.layer.1.attention.self.query.weight]
Loading weights:  29%|##9       | 30/103 [00:00<00:00, 1515.37it/s, 
Materializing param=encoder.layer.1.attention.self.value.bias]  
Loading weights:  29%|##9       | 30/103 [00:00<00:00, 1515.37it/s, 
Materializing param=encoder.layer.1.attention.self.value.bias]
Loading weights:  30%|###       | 31/103 [00:00<00:00, 1565.89it/s, 
Materializing param=encoder.layer.1.attention.self.value.weight]
Loading weights:  30%|###       | 31/103 [00:00<00:00, 1565.89it/s, 
Materializing param=encoder.layer.1.attention.self.value.weight]
Loading weights:  31%|###1      | 32/103 [00:00<00:00, 1616.40it/s, 
Materializing param=encoder.layer.1.intermediate.dense.bias]    
Loading weights:  31%|###1      | 32/103 [00:00<00:00, 1616.40it/s, 
Materializing param=encoder.layer.1.intermediate.dense.bias]
Loading weights:  32%|###2      | 33/103 [00:00<00:00, 1666.91it/s, 
Materializing param=encoder.layer.1.intermediate.dense.weight]
Loading weights:  32%|###2      | 33/103 [00:00<00:00, 1666.91it/s, 
Materializing param=encoder.layer.1.intermediate.dense.weight]
Loading weights:  33%|###3      | 34/103 [00:00<00:00, 1717.42it/s, 
Materializing param=encoder.layer.1.output.LayerNorm.bias]    
Loading weights:  33%|###3      | 34/103 [00:00<00:00, 1717.42it/s, 
Materializing param=encoder.layer.1.output.LayerNorm.bias]
Loading weights:  34%|###3      | 35/103 [00:00<00:00, 1767.94it/s, 
Materializing param=encoder.layer.1.output.LayerNorm.weight]
Loading weights:  34%|###3      | 35/103 [00:00<00:00, 1767.94it/s, 
Materializing param=encoder.layer.1.output.LayerNorm.weight]
Loading weights:  35%|###4      | 36/103 [00:00<00:00, 1818.45it/s, 
Materializing param=encoder.layer.1.output.dense.bias]      
Loading weights:  35%|###4      | 36/103 [00:00<00:00, 1424.44it/s, 
Materializing param=encoder.layer.1.output.dense.bias]
Loading weights:  36%|###5      | 37/103 [00:00<00:00, 1415.48it/s, 
Materializing param=encoder.layer.1.output.dense.weight]
Loading weights:  36%|###5      | 37/103 [00:00<00:00, 1415.48it/s, 
Materializing param=encoder.layer.1.output.dense.weight]
Loading weights:  37%|###6      | 38/103 [00:00<00:00, 1402.63it/s, 
Materializing param=encoder.layer.2.attention.output.LayerNorm.bias]
Loading weights:  37%|###6      | 38/103 [00:00<00:00, 1377.18it/s, 
Materializing param=encoder.layer.2.attention.output.LayerNorm.bias]
Loading weights:  38%|###7      | 39/103 [00:00<00:00, 1413.42it/s, 
Materializing param=encoder.layer.2.attention.output.LayerNorm.weight]
Loading weights:  38%|###7      | 39/103 [00:00<00:00, 1413.42it/s, 
Materializing param=encoder.layer.2.attention.output.LayerNorm.weight]
Loading weights:  39%|###8      | 40/103 [00:00<00:00, 1449.66it/s, 
Materializing param=encoder.layer.2.attention.output.dense.bias]      
Loading weights:  39%|###8      | 40/103 [00:00<00:00, 1449.66it/s, 
Materializing param=encoder.layer.2.attention.output.dense.bias]
Loading weights:  40%|###9      | 41/103 [00:00<00:00, 1485.90it/s, 
Materializing param=encoder.layer.2.attention.output.dense.weight]
Loading weights:  40%|###9      | 41/103 [00:00<00:00, 1485.90it/s, 
Materializing param=encoder.layer.2.attention.output.dense.weight]
Loading weights:  41%|####      | 42/103 [00:00<00:00, 1522.14it/s, 
Materializing param=encoder.layer.2.attention.self.key.bias]      
Loading weights:  41%|####      | 42/103 [00:00<00:00, 1522.14it/s, 
Materializing param=encoder.layer.2.attention.self.key.bias]
Loading weights:  42%|####1     | 43/103 [00:00<00:00, 1428.58it/s, 
Materializing param=encoder.layer.2.attention.self.key.weight]
Loading weights:  42%|####1     | 43/103 [00:00<00:00, 1428.58it/s, 
Materializing param=encoder.layer.2.attention.self.key.weight]
Loading weights:  43%|####2     | 44/103 [00:00<00:00, 1461.80it/s, 
Materializing param=encoder.layer.2.attention.self.query.bias]
Loading weights:  43%|####2     | 44/103 [00:00<00:00, 1461.80it/s, 
Materializing param=encoder.layer.2.attention.self.query.bias]
Loading weights:  44%|####3     | 45/103 [00:00<00:00, 1495.02it/s, 
Materializing param=encoder.layer.2.attention.self.query.weight]
Loading weights:  44%|####3     | 45/103 [00:00<00:00, 1495.02it/s, 
Materializing param=encoder.layer.2.attention.self.query.weight]
Loading weights:  45%|####4     | 46/103 [00:00<00:00, 1528.25it/s, 
Materializing param=encoder.layer.2.attention.self.value.bias]  
Loading weights:  45%|####4     | 46/103 [00:00<00:00, 1528.25it/s, 
Materializing param=encoder.layer.2.attention.self.value.bias]
Loading weights:  46%|####5     | 47/103 [00:00<00:00, 1561.47it/s, 
Materializing param=encoder.layer.2.attention.self.value.weight]
Loading weights:  46%|####5     | 47/103 [00:00<00:00, 1561.47it/s, 
Materializing param=encoder.layer.2.attention.self.value.weight]
Loading weights:  47%|####6     | 48/103 [00:00<00:00, 1594.69it/s, 
Materializing param=encoder.layer.2.intermediate.dense.bias]    
Loading weights:  47%|####6     | 48/103 [00:00<00:00, 1594.69it/s, 
Materializing param=encoder.layer.2.intermediate.dense.bias]
Loading weights:  48%|####7     | 49/103 [00:00<00:00, 1627.91it/s, 
Materializing param=encoder.layer.2.intermediate.dense.weight]
Loading weights:  48%|####7     | 49/103 [00:00<00:00, 1627.91it/s, 
Materializing param=encoder.layer.2.intermediate.dense.weight]
Loading weights:  49%|####8     | 50/103 [00:00<00:00, 1661.14it/s, 
Materializing param=encoder.layer.2.output.LayerNorm.bias]    
Loading weights:  49%|####8     | 50/103 [00:00<00:00, 1661.14it/s, 
Materializing param=encoder.layer.2.output.LayerNorm.bias]
Loading weights:  50%|####9     | 51/103 [00:00<00:00, 1694.36it/s, 
Materializing param=encoder.layer.2.output.LayerNorm.weight]
Loading weights:  50%|####9     | 51/103 [00:00<00:00, 1694.36it/s, 
Materializing param=encoder.layer.2.output.LayerNorm.weight]
Loading weights:  50%|#####     | 52/103 [00:00<00:00, 1727.58it/s, 
Materializing param=encoder.layer.2.output.dense.bias]      
Loading weights:  50%|#####     | 52/103 [00:00<00:00, 1727.58it/s, 
Materializing param=encoder.layer.2.output.dense.bias]
Loading weights:  51%|#####1    | 53/103 [00:00<00:00, 1760.81it/s, 
Materializing param=encoder.layer.2.output.dense.weight]
Loading weights:  51%|#####1    | 53/103 [00:00<00:00, 1760.81it/s, 
Materializing param=encoder.layer.2.output.dense.weight]
Loading weights:  52%|#####2    | 54/103 [00:00<00:00, 1794.03it/s, 
Materializing param=encoder.layer.3.attention.output.LayerNorm.bias]
Loading weights:  52%|#####2    | 54/103 [00:00<00:00, 1794.03it/s, 
Materializing param=encoder.layer.3.attention.output.LayerNorm.bias]
Loading weights:  53%|#####3    | 55/103 [00:00<00:00, 1827.25it/s, 
Materializing param=encoder.layer.3.attention.output.LayerNorm.weight]
Loading weights:  53%|#####3    | 55/103 [00:00<00:00, 1827.25it/s, 
Materializing param=encoder.layer.3.attention.output.LayerNorm.weight]
Loading weights:  54%|#####4    | 56/103 [00:00<00:00, 1860.47it/s, 
Materializing param=encoder.layer.3.attention.output.dense.bias]      
Loading weights:  54%|#####4    | 56/103 [00:00<00:00, 1860.47it/s, 
Materializing param=encoder.layer.3.attention.output.dense.bias]
Loading weights:  55%|#####5    | 57/103 [00:00<00:00, 1893.70it/s, 
Materializing param=encoder.layer.3.attention.output.dense.weight]
Loading weights:  55%|#####5    | 57/103 [00:00<00:00, 1893.70it/s, 
Materializing param=encoder.layer.3.attention.output.dense.weight]
Loading weights:  56%|#####6    | 58/103 [00:00<00:00, 1455.97it/s, 
Materializing param=encoder.layer.3.attention.self.key.bias]      
Loading weights:  56%|#####6    | 58/103 [00:00<00:00, 1455.97it/s, 
Materializing param=encoder.layer.3.attention.self.key.bias]
Loading weights:  57%|#####7    | 59/103 [00:00<00:00, 1481.08it/s, 
Materializing param=encoder.layer.3.attention.self.key.weight]
Loading weights:  57%|#####7    | 59/103 [00:00<00:00, 1481.08it/s, 
Materializing param=encoder.layer.3.attention.self.key.weight]
Loading weights:  58%|#####8    | 60/103 [00:00<00:00, 1506.18it/s, 
Materializing param=encoder.layer.3.attention.self.query.bias]
Loading weights:  58%|#####8    | 60/103 [00:00<00:00, 1506.18it/s, 
Materializing param=encoder.layer.3.attention.self.query.bias]
Loading weights:  59%|#####9    | 61/103 [00:00<00:00, 1484.39it/s, 
Materializing param=encoder.layer.3.attention.self.query.weight]
Loading weights:  59%|#####9    | 61/103 [00:00<00:00, 1484.39it/s, 
Materializing param=encoder.layer.3.attention.self.query.weight]
Loading weights:  60%|######    | 62/103 [00:00<00:00, 1508.72it/s, 
Materializing param=encoder.layer.3.attention.self.value.bias]  
Loading weights:  60%|######    | 62/103 [00:00<00:00, 1508.72it/s, 
Materializing param=encoder.layer.3.attention.self.value.bias]
Loading weights:  61%|######1   | 63/103 [00:00<00:00, 1533.06it/s, 
Materializing param=encoder.layer.3.attention.self.value.weight]
Loading weights:  61%|######1   | 63/103 [00:00<00:00, 1533.06it/s, 
Materializing param=encoder.layer.3.attention.self.value.weight]
Loading weights:  62%|######2   | 64/103 [00:00<00:00, 1557.39it/s, 
Materializing param=encoder.layer.3.intermediate.dense.bias]    
Loading weights:  62%|######2   | 64/103 [00:00<00:00, 1557.39it/s, 
Materializing param=encoder.layer.3.intermediate.dense.bias]
Loading weights:  63%|######3   | 65/103 [00:00<00:00, 1581.73it/s, 
Materializing param=encoder.layer.3.intermediate.dense.weight]
Loading weights:  63%|######3   | 65/103 [00:00<00:00, 1581.73it/s, 
Materializing param=encoder.layer.3.intermediate.dense.weight]
Loading weights:  64%|######4   | 66/103 [00:00<00:00, 1606.06it/s, 
Materializing param=encoder.layer.3.output.LayerNorm.bias]    
Loading weights:  64%|######4   | 66/103 [00:00<00:00, 1606.06it/s, 
Materializing param=encoder.layer.3.output.LayerNorm.bias]
Loading weights:  65%|######5   | 67/103 [00:00<00:00, 1630.40it/s, 
Materializing param=encoder.layer.3.output.LayerNorm.weight]
Loading weights:  65%|######5   | 67/103 [00:00<00:00, 1630.40it/s, 
Materializing param=encoder.layer.3.output.LayerNorm.weight]
Loading weights:  66%|######6   | 68/103 [00:00<00:00, 1654.73it/s, 
Materializing param=encoder.layer.3.output.dense.bias]      
Loading weights:  66%|######6   | 68/103 [00:00<00:00, 1654.73it/s, 
Materializing param=encoder.layer.3.output.dense.bias]
Loading weights:  67%|######6   | 69/103 [00:00<00:00, 1679.06it/s, 
Materializing param=encoder.layer.3.output.dense.weight]
Loading weights:  67%|######6   | 69/103 [00:00<00:00, 1679.06it/s, 
Materializing param=encoder.layer.3.output.dense.weight]
Loading weights:  68%|######7   | 70/103 [00:00<00:00, 1703.40it/s, 
Materializing param=encoder.layer.4.attention.output.LayerNorm.bias]
Loading weights:  68%|######7   | 70/103 [00:00<00:00, 1703.40it/s, 
Materializing param=encoder.layer.4.attention.output.LayerNorm.bias]
Loading weights:  69%|######8   | 71/103 [00:00<00:00, 1648.01it/s, 
Materializing param=encoder.layer.4.attention.output.LayerNorm.weight]
Loading weights:  69%|######8   | 71/103 [00:00<00:00, 1648.01it/s, 
Materializing param=encoder.layer.4.attention.output.LayerNorm.weight]
Loading weights:  70%|######9   | 72/103 [00:00<00:00, 1671.22it/s, 
Materializing param=encoder.layer.4.attention.output.dense.bias]      
Loading weights:  70%|######9   | 72/103 [00:00<00:00, 1671.22it/s, 
Materializing param=encoder.layer.4.attention.output.dense.bias]
Loading weights:  71%|#######   | 73/103 [00:00<00:00, 1694.43it/s, 
Materializing param=encoder.layer.4.attention.output.dense.weight]
Loading weights:  71%|#######   | 73/103 [00:00<00:00, 1668.26it/s, 
Materializing param=encoder.layer.4.attention.output.dense.weight]
Loading weights:  72%|#######1  | 74/103 [00:00<00:00, 1691.11it/s, 
Materializing param=encoder.layer.4.attention.self.key.bias]      
Loading weights:  72%|#######1  | 74/103 [00:00<00:00, 1691.11it/s, 
Materializing param=encoder.layer.4.attention.self.key.bias]
Loading weights:  73%|#######2  | 75/103 [00:00<00:00, 1713.97it/s, 
Materializing param=encoder.layer.4.attention.self.key.weight]
Loading weights:  73%|#######2  | 75/103 [00:00<00:00, 1695.60it/s, 
Materializing param=encoder.layer.4.attention.self.key.weight]
Loading weights:  74%|#######3  | 76/103 [00:00<00:00, 1718.21it/s, 
Materializing param=encoder.layer.4.attention.self.query.bias]
Loading weights:  74%|#######3  | 76/103 [00:00<00:00, 1718.21it/s, 
Materializing param=encoder.layer.4.attention.self.query.bias]
Loading weights:  75%|#######4  | 77/103 [00:00<00:00, 1740.82it/s, 
Materializing param=encoder.layer.4.attention.self.query.weight]
Loading weights:  75%|#######4  | 77/103 [00:00<00:00, 1740.82it/s, 
Materializing param=encoder.layer.4.attention.self.query.weight]
Loading weights:  76%|#######5  | 78/103 [00:00<00:00, 1763.42it/s, 
Materializing param=encoder.layer.4.attention.self.value.bias]  
Loading weights:  76%|#######5  | 78/103 [00:00<00:00, 1763.42it/s, 
Materializing param=encoder.layer.4.attention.self.value.bias]
Loading weights:  77%|#######6  | 79/103 [00:00<00:00, 1786.03it/s, 
Materializing param=encoder.layer.4.attention.self.value.weight]
Loading weights:  77%|#######6  | 79/103 [00:00<00:00, 1786.03it/s, 
Materializing param=encoder.layer.4.attention.self.value.weight]
Loading weights:  78%|#######7  | 80/103 [00:00<00:00, 1808.64it/s, 
Materializing param=encoder.layer.4.intermediate.dense.bias]    
Loading weights:  78%|#######7  | 80/103 [00:00<00:00, 1808.64it/s, 
Materializing param=encoder.layer.4.intermediate.dense.bias]
Loading weights:  79%|#######8  | 81/103 [00:00<00:00, 1831.25it/s, 
Materializing param=encoder.layer.4.intermediate.dense.weight]
Loading weights:  79%|#######8  | 81/103 [00:00<00:00, 476.37it/s, 
Materializing param=encoder.layer.4.intermediate.dense.weight] 
Loading weights:  80%|#######9  | 82/103 [00:00<00:00, 482.25it/s, 
Materializing param=encoder.layer.4.intermediate.dense.weight]
Loading weights:  80%|#######9  | 82/103 [00:00<00:00, 482.25it/s, 
Materializing param=encoder.layer.4.output.LayerNorm.bias]    
Loading weights:  80%|#######9  | 82/103 [00:00<00:00, 482.25it/s, 
Materializing param=encoder.layer.4.output.LayerNorm.bias]
Loading weights:  81%|########  | 83/103 [00:00<00:00, 482.25it/s, 
Materializing param=encoder.layer.4.output.LayerNorm.weight]
Loading weights:  81%|########  | 83/103 [00:00<00:00, 482.25it/s, 
Materializing param=encoder.layer.4.output.LayerNorm.weight]
Loading weights:  82%|########1 | 84/103 [00:00<00:00, 482.25it/s, 
Materializing param=encoder.layer.4.output.dense.bias]      
Loading weights:  82%|########1 | 84/103 [00:00<00:00, 482.25it/s, 
Materializing param=encoder.layer.4.output.dense.bias]
Loading weights:  83%|########2 | 85/103 [00:00<00:00, 482.25it/s, 
Materializing param=encoder.layer.4.output.dense.weight]
Loading weights:  83%|########2 | 85/103 [00:00<00:00, 482.25it/s, 
Materializing param=encoder.layer.4.output.dense.weight]
Loading weights:  83%|########3 | 86/103 [00:00<00:00, 482.25it/s, 
Materializing param=encoder.layer.5.attention.output.LayerNorm.bias]
Loading weights:  83%|########3 | 86/103 [00:00<00:00, 482.25it/s, 
Materializing param=encoder.layer.5.attention.output.LayerNorm.bias]
Loading weights:  84%|########4 | 87/103 [00:00<00:00, 482.25it/s, 
Materializing param=encoder.layer.5.attention.output.LayerNorm.weight]
Loading weights:  84%|########4 | 87/103 [00:00<00:00, 482.25it/s, 
Materializing param=encoder.layer.5.attention.output.LayerNorm.weight]
Loading weights:  85%|########5 | 88/103 [00:00<00:00, 482.25it/s, 
Materializing param=encoder.layer.5.attention.output.dense.bias]      
Loading weights:  85%|########5 | 88/103 [00:00<00:00, 482.25it/s, 
Materializing param=encoder.layer.5.attention.output.dense.bias]
Loading weights:  86%|########6 | 89/103 [00:00<00:00, 482.25it/s, 
Materializing param=encoder.layer.5.attention.output.dense.weight]
Loading weights:  86%|########6 | 89/103 [00:00<00:00, 482.25it/s, 
Materializing param=encoder.layer.5.attention.output.dense.weight]
Loading weights:  87%|########7 | 90/103 [00:00<00:00, 482.25it/s, 
Materializing param=encoder.layer.5.attention.self.key.bias]      
Loading weights:  87%|########7 | 90/103 [00:00<00:00, 482.25it/s, 
Materializing param=encoder.layer.5.attention.self.key.bias]
Loading weights:  88%|########8 | 91/103 [00:00<00:00, 482.25it/s, 
Materializing param=encoder.layer.5.attention.self.key.weight]
Loading weights:  88%|########8 | 91/103 [00:00<00:00, 482.25it/s, 
Materializing param=encoder.layer.5.attention.self.key.weight]
Loading weights:  89%|########9 | 92/103 [00:00<00:00, 482.25it/s, 
Materializing param=encoder.layer.5.attention.self.query.bias]
Loading weights:  89%|########9 | 92/103 [00:00<00:00, 482.25it/s, 
Materializing param=encoder.layer.5.attention.self.query.bias]
Loading weights:  90%|######### | 93/103 [00:00<00:00, 482.25it/s, 
Materializing param=encoder.layer.5.attention.self.query.weight]
Loading weights:  90%|######### | 93/103 [00:00<00:00, 482.25it/s, 
Materializing param=encoder.layer.5.attention.self.query.weight]
Loading weights:  91%|#########1| 94/103 [00:00<00:00, 482.25it/s, 
Materializing param=encoder.layer.5.attention.self.value.bias]  
Loading weights:  91%|#########1| 94/103 [00:00<00:00, 482.25it/s, 
Materializing param=encoder.layer.5.attention.self.value.bias]
Loading weights:  92%|#########2| 95/103 [00:00<00:00, 482.25it/s, 
Materializing param=encoder.layer.5.attention.self.value.weight]
Loading weights:  92%|#########2| 95/103 [00:00<00:00, 482.25it/s, 
Materializing param=encoder.layer.5.attention.self.value.weight]
Loading weights:  93%|#########3| 96/103 [00:00<00:00, 482.25it/s, 
Materializing param=encoder.layer.5.intermediate.dense.bias]    
Loading weights:  93%|#########3| 96/103 [00:00<00:00, 482.25it/s, 
Materializing param=encoder.layer.5.intermediate.dense.bias]
Loading weights:  94%|#########4| 97/103 [00:00<00:00, 482.25it/s, 
Materializing param=encoder.layer.5.intermediate.dense.weight]
Loading weights:  94%|#########4| 97/103 [00:00<00:00, 482.25it/s, 
Materializing param=encoder.layer.5.intermediate.dense.weight]
Loading weights:  95%|#########5| 98/103 [00:00<00:00, 482.25it/s, 
Materializing param=encoder.layer.5.output.LayerNorm.bias]    
Loading weights:  95%|#########5| 98/103 [00:00<00:00, 482.25it/s, 
Materializing param=encoder.layer.5.output.LayerNorm.bias]
Loading weights:  96%|#########6| 99/103 [00:00<00:00, 482.25it/s, 
Materializing param=encoder.layer.5.output.LayerNorm.weight]
Loading weights:  96%|#########6| 99/103 [00:00<00:00, 482.25it/s, 
Materializing param=encoder.layer.5.output.LayerNorm.weight]
Loading weights:  97%|#########7| 100/103 [00:00<00:00, 482.25it/s, 
Materializing param=encoder.layer.5.output.dense.bias]     
Loading weights:  97%|#########7| 100/103 [00:00<00:00, 482.25it/s, 
Materializing param=encoder.layer.5.output.dense.bias]
Loading weights:  98%|#########8| 101/103 [00:00<00:00, 482.25it/s, 
Materializing param=encoder.layer.5.output.dense.weight]
Loading weights:  98%|#########8| 101/103 [00:00<00:00, 482.25it/s, 
Materializing param=encoder.layer.5.output.dense.weight]
Loading weights:  99%|#########9| 102/103 [00:00<00:00, 482.25it/s, 
Materializing param=pooler.dense.bias]                  
Loading weights:  99%|#########9| 102/103 [00:00<00:00, 482.25it/s, 
Materializing param=pooler.dense.bias]
Loading weights: 100%|##########| 103/103 [00:00<00:00, 482.25it/s, 
Materializing param=pooler.dense.weight]
Loading weights: 100%|##########| 103/103 [00:00<00:00, 482.25it/s, 
Materializing param=pooler.dense.weight]
Loading weights: 100%|##########| 103/103 [00:00<00:00, 578.83it/s, 
Materializing param=pooler.dense.weight]
[1mBertModel LOAD REPORT[0m from: sentence-transformers/all-MiniLM-L6-v2
Key                     | Status     |  | 
------------------------+------------+--+-
embeddings.position_ids | UNEXPECTED |  | 

[3mNotes:
- UNEXPECTED[3m	:can be ignored when loading from different 
task/architecture; not ok if you expect identical arch.[0m
Warning: You are sending unauthenticated requests to the HF Hub. Please set a 
HF_TOKEN to enable higher rate limits and faster downloads.
C:\Mahin\HR-Bot\test_components.py:43: FutureWarning: 

All support for the `google.generativeai` package has ended. It will no longer 
be receiving 
updates or bug fixes. Please switch to the `google.genai` package as soon as 
possible.
See README for more details:

https://github.com/google-gemini/deprecated-generative-ai-python/blob/main/READ
ME.md

  import google.generativeai as genai
  OK

[3/7] Testing embedding generation...
  Embedding shape: (384,)
  OK

[4/7] Loading FAISS index...
  Total vectors: 40
  OK

[5/7] Loading chunk mapping...
  Total chunks: 40
  OK

[6/7] Testing Google Generative AI import...
  OK

[7/7] Testing full RAG pipeline...
  Query: 'How much leave do I get?'
  Top matches:
    1. [0.548] 5. How is Privilege Leave (PL) calculated?
    2. [0.490] 6. How does Casual Leave (CL) work?
    3. [0.488] 11. What is Leave Without Pay (LWP)?
    4. [0.477] 4. What types of leave are available?

==================================================
ALL COMPONENTS WORKING!
==================================================

You can now run: python main.py
